# learning harness @ 2026-05-31T14:27:45.334677+00:00

# 2026-05-31T14:27:45.770504+00:00 scripts/npu_runtime.py
{
  "generatedAt": "2026-05-31T14:27:45Z",
  "available": [
    "AzureExecutionProvider",
    "CPUExecutionProvider"
  ],
  "selected": [
    "CPUExecutionProvider"
  ],
  "primary": "CPUExecutionProvider",
  "preferNpu": true
}

# 2026-05-31T14:27:46.068076+00:00 scripts/verify-data-feeds.py
[verify-data-feeds] complete
[verify-data-feeds] OK    yfinance rows=9     latencyMs=2825.82 error=
[verify-data-feeds] FAIL      stooq rows=0     latencyMs=0.0 error=skipped: programmatic access captcha-walled; use import-stooq-bulk-zip.py instead
[verify-data-feeds] OK        fred rows=58    latencyMs=800.99 error=
[verify-data-feeds] FAIL      gdelt rows=0     latencyMs=16804.82 error=
[verify-data-feeds] FAIL     tiingo rows=0     latencyMs=0.0 error=skipped: set TIINGO_API_TOKEN
[verify-data-feeds] FAIL alphavantage rows=0     latencyMs=0.0 error=skipped: set ALPHAVANTAGE_API_KEY
[verify-data-feeds] criticalReady=True

# 2026-05-31T14:28:08.615690+00:00 scripts/fetch-macro.py
============================================================
[fetch-macro] Fetching macroeconomic data for 2026-05-31
============================================================
[fetch-macro] Loaded public history for DFF: 26265 points
[fetch-macro] Loaded public history for T10Y2Y: 12495 points
[fetch-macro] Loaded public history for VIXCLS: 9196 points
[fetch-macro] Loaded public history for UMCSENT: 672 points
[fetch-macro] Loaded public history for ICSA: 3099 points
[fetch-macro] Loaded public history for SP500: 2514 points
[fetch-macro] Loaded public history for M2SL: 808 points
[fetch-macro] Loaded public history for T10Y3M: 11104 points
[fetch-macro] Loaded public history for BAMLH0A0HYM2: 786 points
[fetch-macro] Loaded public history for UNRATE: 939 points
[fetch-macro] Loaded public history for CPIAUCSL: 951 points
[fetch-macro] Loaded public history for INDPRO: 1288 points

[fetch-macro] Regime classification: SIDEWAYS
[fetch-macro] Normalised macro features: {'macro_vix_norm': 0.082, 'macro_spread_norm': 0.6175, 'macro_fed_norm': 0.362, 'macro_sentiment_norm': 0.0, 'macro_claims_norm': 0.8556, 'macro_t10y3m_norm': 0.69, 'macro_hy_oas_norm': 0.09, 'macro_unrate_norm': 0.8143, 'macro_cpi_norm': 0.8241, 'macro_indpro_norm': 0.6248, 'macro_sp500_norm': 1.0, 'macro_m2_norm': 0.8007}
[fetch-macro] Wrote snapshot: C:\Users\nicho\Nostradamus_remote_audit\data\macro\2026-05-31.json
[fetch-macro] Updated current regime: C:\Users\nicho\Nostradamus_remote_audit\data\macro\current-regime.json

============================================================
[fetch-macro] DONE — Regime: SIDEWAYS
============================================================

# 2026-05-31T14:30:23.232199+00:00 scripts/fetch-regime-data.py
[fetch-regime] Fetching GDELT daily tone…
[fetch-regime] GDELT 2025-05-31 -> 2025-06-29
[fetch-regime] GDELT 2025-06-30 -> 2025-07-29
[fetch-regime] GDELT 2025-07-30 -> 2025-08-28
[fetch-regime] GDELT 2025-08-29 -> 2025-09-27
[fetch-regime] GDELT 2025-09-28 -> 2025-10-27
[fetch-regime] GDELT 2025-10-28 -> 2025-11-26
[fetch-regime] GDELT 2025-11-27 -> 2025-12-26
[fetch-regime] GDELT 2025-12-27 -> 2026-01-25
[fetch-regime] GDELT 2026-01-26 -> 2026-02-24
[fetch-regime] GDELT 2026-02-25 -> 2026-03-26
[fetch-regime] GDELT 2026-03-27 -> 2026-04-25
[fetch-regime] GDELT 2026-04-26 -> 2026-05-25
[fetch-regime] GDELT 2026-05-26 -> 2026-05-31
[fetch-regime] Wrote C:\Users\nicho\Nostradamus_remote_audit\data\regime\gdelt_timeline.json (73 rows)
[fetch-regime] Merged timeline -> C:\Users\nicho\Nostradamus_remote_audit\data\regime\timeline.json
[fetch-regime] Feature columns: ['gdelt_tone_norm', 'gdelt_tone_delta_5d', 'gdelt_article_z', 'macro_t10y3m_norm', 'macro_hy_oas_norm', 'macro_unrate_norm', 'macro_cpi_norm', 'macro_indpro_norm', 'macro_sp500_norm', 'macro_m2_norm', 'regime_bull', 'regime_bear', 'regime_high_vol', 'regime_sideways']

# 2026-05-31T14:36:29.881249+00:00 scripts/fetch-congress-trades.py
[fetch-congress] pulling trades from all configured sources…
[congress] kadoa normalized 3,096 equity trades
[fetch-congress] wrote C:\Users\nicho\Nostradamus_remote_audit\data\congress\trades_normalized.json
[fetch-congress] total=2,873 recent(90d)=318 symbols=200 watchlist_365d=140 pelosi_365d=17
  · Rohit Khanna: 14 buys / 6 sells
  · Michael T. McCaul: 14 buys / 6 sells
  · Markwayne Mullin: 11 buys / 7 sells
  · Josh Gottheimer: 1 buys / 8 sells
  · Donald J Trump: 67 buys / 0 sells

# 2026-05-31T14:36:32.299175+00:00 scripts/fetch-insider-trades.py
[fetch-insider] 15 tickers, lookback=90d
[fetch-insider] done trades=0

# 2026-05-31T14:37:53.697665+00:00 scripts/fetch-history.py
$APLS: possibly delisted; no price data found  (1d 2026-05-26 -> 2026-05-31)

1 Failed download:
['APLS']: possibly delisted; no price data found  (1d 2026-05-26 -> 2026-05-31)
$CAEP: possibly delisted; no price data found  (1d 2026-05-26 -> 2026-05-31)

1 Failed download:
['CAEP']: possibly delisted; no price data found  (1d 2026-05-26 -> 2026-05-31)
$CCLDO: possibly delisted; no price data found  (1d 2026-05-26 -> 2026-05-31)

1 Failed download:
['CCLDO']: possibly delisted; no price data found  (1d 2026-05-26 -> 2026-05-31)
$CSGS: possibly delisted; no price data found  (1d 2026-05-26 -> 2026-05-31)

1 Failed download:
['CSGS']: possibly delisted; no price data found  (1d 2026-05-26 -> 2026-05-31)
$CTLP: possibly delisted; no price data found  (1d 2026-05-26 -> 2026-05-31)
$CTBB: possibly delisted; no price data found  (1d 2026-05-26 -> 2026-05-31)
$CTDD: possibly delisted; no price data found  (1d 2026-05-26 -> 2026-05-31)

3 Failed downloads:
['CTLP', 'CTBB', 'CTDD']: possibly delisted; no price data found  (1d 2026-05-26 -> 2026-05-31)
$EHAB: possibly delisted; no price data found  (1d 2026-05-26 -> 2026-05-31)

1 Failed download:
['EHAB']: possibly delisted; no price data found  (1d 2026-05-26 -> 2026-05-31)
$EWCZ: possibly delisted; no price data found  (1d 2026-05-26 -> 2026-05-31)

1 Failed download:
['EWCZ']: possibly delisted; no price data found  (1d 2026-05-26 -> 2026-05-31)
$FCRX: possibly delisted; no price data found  (1d 2026-05-26 -> 2026-05-31)
$FCO: possibly delisted; no price data found  (1d 2026-05-26 -> 2026-05-31)

2 Failed downloads:
['FCRX', 'FCO']: possibly delisted; no price data found  (1d 2026-05-26 -> 2026-05-31)
$FORA: possibly delisted; no price data found  (1d 2026-05-26 -> 2026-05-31)

1 Failed download:
['FORA']: possibly delisted; no price data found  (1d 2026-05-26 -> 2026-05-31)
$GIGGW: possibly delisted; no price data found  (1d 2026-05-26 -> 2026-05-31)
$GIGGU: possibly delisted; no price data found  (1d 2026-05-26 -> 2026-05-31)

2 Failed downloads:
['GIGGW', 'GIGGU']: possibly delisted; no price data found  (1d 2026-05-26 -> 2026-05-31)
$KZR: possibly delisted; no price data found  (1d 2026-05-26 -> 2026-05-31)

1 Failed download:
['KZR']: possibly delisted; no price data found  (1d 2026-05-26 -> 2026-05-31)
$MCW: possibly delisted; no price data found  (1d 2026-05-26 -> 2026-05-31)

1 Failed download:
['MCW']: possibly delisted; no price data found  (1d 2026-05-26 -> 2026-05-31)
$MPX: possibly delisted; no price data found  (1d 2026-05-26 -> 2026-05-31)

1 Failed download:
['MPX']: possibly delisted; no price data found  (1d 2026-05-26 -> 2026-05-31)
$NE-WT: possibly delisted; no price data found  (1d 2026-05-26 -> 2026-05-31)

1 Failed download:
['NE-WT']: possibly delisted; no price data found  (1d 2026-05-26 -> 2026-05-31)
$PCG-PI: possibly delisted; no price data found  (1d 2026-05-26 -> 2026-05-31)

1 Failed download:
['PCG-PI']: possibly delisted; no price data found  (1d 2026-05-26 -> 2026-05-31)
$SLNO: possibly delisted; no price data found  (1d 2026-05-26 -> 2026-05-31)

1 Failed download:
['SLNO']: possibly delisted; no price data found  (1d 2026-05-26 -> 2026-05-31)
$SNCY: possibly delisted; no price data found  (1d 2026-05-26 -> 2026-05-31)

1 Failed download:
['SNCY']: possibly delisted; no price data found  (1d 2026-05-26 -> 2026-05-31)
$SSEAR: possibly delisted; no price data found  (1d 2026-05-26 -> 2026-05-31)

1 Failed download:
['SSEAR']: possibly delisted; no price data found  (1d 2026-05-26 -> 2026-05-31)
$TPH: possibly delisted; no price data found  (1d 2026-05-26 -> 2026-05-31)

1 Failed download:
['TPH']: possibly delisted; no price data found  (1d 2026-05-26 -> 2026-05-31)
$UAC-WT: possibly delisted; no price data found  (1d 2026-05-26 -> 2026-05-31)
$UDMY: possibly delisted; no price data found  (1d 2026-05-26 -> 2026-05-31)
$UCFIW: possibly delisted; no price data found  (1d 2026-05-26 -> 2026-05-31)
$TYG-RW: possibly delisted; no price data found  (1d 2026-05-26 -> 2026-05-31)

4 Failed downloads:
['UAC-WT', 'UDMY', 'UCFIW', 'TYG-RW']: possibly delisted; no price data found  (1d 2026-05-26 -> 2026-05-31)
$WLACU: possibly delisted; no price data found  (1d 2026-05-26 -> 2026-05-31)
$WLACW: possibly delisted; no price data found  (1d 2026-05-26 -> 2026-05-31)
$WLAC: possibly delisted; no price data found  (1d 2026-05-26 -> 2026-05-31)
$WHLRL: possibly delisted; no price data found  (1d 2026-05-26 -> 2026-05-31)

4 Failed downloads:
['WLACU', 'WLACW', 'WLAC', 'WHLRL']: possibly delisted; no price data found  (1d 2026-05-26 -> 2026-05-31)
[fetch-history] Loaded 7,146 tickers from registry
[fetch-history] Mode: INCREMENTAL (last 5 days)
[fetch-history] Processing 143 batches of up to 50 tickers each
[fetch-history] Batch 1/143 complete - 50/7,146 tickers processed
[fetch-history] Batch 2/143 complete - 100/7,146 tickers processed
[fetch-history] Batch 3/143 complete - 150/7,146 tickers processed
[fetch-history] Batch 4/143 complete - 200/7,146 tickers processed
[fetch-history] Batch 5/143 complete - 250/7,146 tickers processed
[fetch-history] Batch 6/143 complete - 300/7,146 tickers processed
[fetch-history] Batch 7/143 complete - 350/7,146 tickers processed
[fetch-history] Batch 8/143 complete - 400/7,146 tickers processed
[fetch-history] Batch 9/143 complete - 450/7,146 tickers processed
[fetch-history] Batch 10/143 complete - 500/7,146 tickers processed
[fetch-history] Batch 11/143 complete - 550/7,146 tickers processed
[fetch-history] Batch 12/143 complete - 600/7,146 tickers processed
[fetch-history] Batch 13/143 complete - 650/7,146 tickers processed
[fetch-history] Batch 14/143 complete - 700/7,146 tickers processed
[fetch-history] Batch 15/143 complete - 750/7,146 tickers processed
[fetch-history] Batch 16/143 complete - 800/7,146 tickers processed
[fetch-history] Batch 17/143 complete - 850/7,146 tickers processed
[fetch-history] Batch 18/143 complete - 900/7,146 tickers processed
[fetch-history] Batch 19/143 complete - 950/7,146 tickers processed
[fetch-history] Batch 20/143 complete - 1,000/7,146 tickers processed
[fetch-history] Batch 21/143 complete - 1,050/7,146 tickers processed
[fetch-history] Batch 22/143 complete - 1,100/7,146 tickers processed
[fetch-history] Batch 23/143 complete - 1,150/7,146 tickers processed
[fetch-history] Batch 24/143 complete - 1,200/7,146 tickers processed
[fetch-history] Batch 25/143 complete - 1,250/7,146 tickers processed
[fetch-history] Batch 26/143 complete - 1,300/7,146 tickers processed
[fetch-history] Batch 27/143 complete - 1,350/7,146 tickers processed
[fetch-history] Batch 28/143 complete - 1,400/7,146 tickers processed
[fetch-history] Batch 29/143 complete - 1,450/7,146 tickers processed
[fetch-history] Batch 30/143 complete - 1,500/7,146 tickers processed
[fetch-history] Batch 31/143 complete - 1,550/7,146 tickers processed
[fetch-history] Batch 32/143 complete - 1,600/7,146 tickers processed
[fetch-history] Batch 33/143 complete - 1,650/7,146 tickers processed
[fetch-history] Batch 34/143 complete - 1,700/7,146 tickers processed
[fetch-history] Batch 35/143 complete - 1,750/7,146 tickers processed
[fetch-history] Batch 36/143 complete - 1,800/7,146 tickers processed
[fetch-history] Batch 37/143 complete - 1,850/7,146 tickers processed
[fetch-history] Batch 38/143 complete - 1,900/7,146 tickers processed
[fetch-history] Batch 39/143 complete - 1,950/7,146 tickers processed
[fetch-history] Batch 40/143 complete - 2,000/7,146 tickers processed
[fetch-history] Batch 41/143 complete - 2,050/7,146 tickers processed
[fetch-history] Batch 42/143 complete - 2,100/7,146 tickers processed
[fetch-history] Batch 43/143 complete - 2,150/7,146 tickers processed
[fetch-history] Batch 44/143 complete - 2,200/7,146 tickers processed
[fetch-history] Batch 45/143 complete - 2,250/7,146 tickers processed
[fetch-history] Batch 46/143 complete - 2,300/7,146 tickers processed
[fetch-history] Batch 47/143 complete - 2,350/7,146 tickers processed
[fetch-history] Batch 48/143 complete - 2,400/7,146 tickers processed
[fetch-history] Batch 49/143 complete - 2,450/7,146 tickers processed
[fetch-history] Batch 50/143 complete - 2,500/7,146 tickers processed
[fetch-history] Batch 51/143 complete - 2,550/7,146 tickers processed
[fetch-history] Batch 52/143 complete - 2,600/7,146 tickers processed
[fetch-history] Batch 53/143 complete - 2,650/7,146 tickers processed
[fetch-history] Batch 54/143 complete - 2,700/7,146 tickers processed
[fetch-history] Batch 55/143 complete - 2,750/7,146 tickers processed
[fetch-history] Batch 56/143 complete - 2,800/7,146 tickers processed
[fetch-history] Batch 57/143 complete - 2,850/7,146 tickers processed
[fetch-history] Batch 58/143 complete - 2,900/7,146 tickers processed
[fetch-history] Batch 59/143 complete - 2,950/7,146 tickers processed
[fetch-history] Batch 60/143 complete - 3,000/7,146 tickers processed
[fetch-history] Batch 61/143 complete - 3,050/7,146 tickers processed
[fetch-history] Batch 62/143 complete - 3,100/7,146 tickers processed
[fetch-history] Batch 63/143 complete - 3,150/7,146 tickers processed
[fetch-history] Batch 64/143 complete - 3,200/7,146 tickers processed
[fetch-history] Batch 65/143 complete - 3,250/7,146 tickers processed
[fetch-history] Batch 66/143 complete - 3,300/7,146 tickers processed
[fetch-history] Batch 67/143 complete - 3,350/7,146 tickers processed
[fetch-history] Batch 68/143 complete - 3,400/7,146 tickers processed
[fetch-history] Batch 69/143 complete - 3,450/7,146 tickers processed
[fetch-history] Batch 70/143 complete - 3,500/7,146 tickers processed
[fetch-history] Batch 71/143 complete - 3,550/7,146 tickers processed
[fetch-history] Batch 72/143 complete - 3,600/7,146 tickers processed
[fetch-history] Batch 73/143 complete - 3,650/7,146 tickers processed
[fetch-history] Batch 74/143 complete - 3,700/7,146 tickers processed
[fetch-history] Batch 75/143 complete - 3,750/7,146 tickers processed
[fetch-history] Batch 76/143 complete - 3,800/7,146 tickers processed
[fetch-history] Batch 77/143 complete - 3,850/7,146 tickers processed
[fetch-history] Batch 78/143 complete - 3,900/7,146 tickers processed
[fetch-history] Batch 79/143 complete - 3,950/7,146 tickers processed
[fetch-history] Batch 80/143 complete - 4,000/7,146 tickers processed
[fetch-history] Batch 81/143 complete - 4,050/7,146 tickers processed
[fetch-history] Batch 82/143 complete - 4,100/7,146 tickers processed
[fetch-history] Batch 83/143 complete - 4,150/7,146 tickers processed
[fetch-history] Batch 84/143 complete - 4,200/7,146 tickers processed
[fetch-history] Batch 85/143 complete - 4,250/7,146 tickers processed
[fetch-history] Batch 86/143 complete - 4,300/7,146 tickers processed
[fetch-history] Batch 87/143 complete - 4,350/7,146 tickers processed
[fetch-history] Batch 88/143 complete - 4,400/7,146 tickers processed
[fetch-history] Batch 89/143 complete - 4,450/7,146 tickers processed
[fetch-history] Batch 90/143 complete - 4,500/7,146 tickers processed
[fetch-history] Batch 91/143 complete - 4,550/7,146 tickers processed
[fetch-history] Batch 92/143 complete - 4,600/7,146 tickers processed
[fetch-history] Batch 93/143 complete - 4,650/7,146 tickers processed
[fetch-history] Batch 94/143 complete - 4,700/7,146 tickers processed
[fetch-history] Batch 95/143 complete - 4,750/7,146 tickers processed
[fetch-history] Batch 96/143 complete - 4,800/7,146 tickers processed
[fetch-history] Batch 97/143 complete - 4,850/7,146 tickers processed
[fetch-history] Batch 98/143 complete - 4,900/7,146 tickers processed
[fetch-history] Batch 99/143 complete - 4,950/7,146 tickers processed
[fetch-history] Batch 100/143 complete - 5,000/7,146 tickers processed
[fetch-history] Batch 101/143 complete - 5,050/7,146 tickers processed
[fetch-history] Batch 102/143 complete - 5,100/7,146 tickers processed
[fetch-history] Batch 103/143 complete - 5,150/7,146 tickers processed
[fetch-history] Batch 104/143 complete - 5,200/7,146 tickers processed
[fetch-history] Batch 105/143 complete - 5,250/7,146 tickers processed
[fetch-history] Batch 106/143 complete - 5,300/7,146 tickers processed
[fetch-history] Batch 107/143 complete - 5,350/7,146 tickers processed
[fetch-history] Batch 108/143 complete - 5,400/7,146 tickers processed
[fetch-history] Batch 109/143 complete - 5,450/7,146 tickers processed
[fetch-history] Batch 110/143 complete - 5,500/7,146 tickers processed
[fetch-history] Batch 111/143 complete - 5,550/7,146 tickers processed
[fetch-history] Batch 112/143 complete - 5,600/7,146 tickers processed
[fetch-history] Batch 113/143 complete - 5,650/7,146 tickers processed
[fetch-history] Batch 114/143 complete - 5,700/7,146 tickers processed
[fetch-history] Batch 115/143 complete - 5,750/7,146 tickers processed
[fetch-history] Batch 116/143 complete - 5,800/7,146 tickers processed
[fetch-history] Batch 117/143 complete - 5,850/7,146 tickers processed
[fetch-history] Batch 118/143 complete - 5,900/7,146 tickers processed
[fetch-history] Batch 119/143 complete - 5,950/7,146 tickers processed
[fetch-history] Batch 120/143 complete - 6,000/7,146 tickers processed
[fetch-history] Batch 121/143 complete - 6,050/7,146 tickers processed
[fetch-history] Batch 122/143 complete - 6,100/7,146 tickers processed
[fetch-history] Batch 123/143 complete - 6,150/7,146 tickers processed
[fetch-history] Batch 124/143 complete - 6,200/7,146 tickers processed
[fetch-history] Batch 125/143 complete - 6,250/7,146 tickers processed
[fetch-history] Batch 126/143 complete - 6,300/7,146 tickers processed
[fetch-history] Batch 127/143 complete - 6,350/7,146 tickers processed
[fetch-history] Batch 128/143 complete - 6,400/7,146 tickers processed
[fetch-history] Batch 129/143 complete - 6,450/7,146 tickers processed
[fetch-history] Batch 130/143 complete - 6,500/7,146 tickers processed
[fetch-history] Batch 131/143 complete - 6,550/7,146 tickers processed
[fetch-history] Batch 132/143 complete - 6,600/7,146 tickers processed
[fetch-history] Batch 133/143 complete - 6,650/7,146 tickers processed
[fetch-history] Batch 134/143 complete - 6,700/7,146 tickers processed
[fetch-history] Batch 135/143 complete - 6,750/7,146 tickers processed
[fetch-history] Batch 136/143 complete - 6,800/7,146 tickers processed
[fetch-history] Batch 137/143 complete - 6,850/7,146 tickers processed
[fetch-history] Batch 138/143 complete - 6,900/7,146 tickers processed
[fetch-history] Batch 139/143 complete - 6,950/7,146 tickers processed
[fetch-history] Batch 140/143 complete - 7,000/7,146 tickers processed
[fetch-history] Batch 141/143 complete - 7,050/7,146 tickers processed
[fetch-history] Batch 142/143 complete - 7,100/7,146 tickers processed
[fetch-history] Batch 143/143 complete - 7,146/7,146 tickers processed

============================================================
[fetch-history] OK Historical data pipeline complete
  Mode:            INCREMENTAL (last 5 days)
  Total tickers:   7,146
  Succeeded:       6,045
  Failed:          1,101
  Total data pts:  11,193,706
  Elapsed:         722.3s
  Sector files:    12
============================================================

# 2026-05-31T14:50:24.095308+00:00 scripts/train-predictor-v3.py
[load] _live.json: tickers_seen=1 accepted=1 elapsed=0.0s
[load] communication_services.json: tickers_seen=193 accepted=179 elapsed=3.1s
[load] consumer_discretionary.json: tickers_seen=695 accepted=665 elapsed=10.9s
[load] consumer_staples.json: tickers_seen=846 accepted=813 elapsed=13.3s
[load] energy.json: tickers_seen=1034 accepted=999 elapsed=16.3s
[load] financials.json: tickers_seen=2114 accepted=1977 elapsed=32.9s
C:\Users\nicho\AppData\Local\Programs\Python\Python311-arm64\Lib\site-packages\pandas\core\arraylike.py:402: RuntimeWarning: divide by zero encountered in log
  result = getattr(ufunc, method)(*inputs, **kwargs)
[load] healthcare.json: tickers_seen=3168 accepted=3013 elapsed=50.7s
[load] industrials.json: tickers_seen=4125 accepted=3931 elapsed=68.1s
[load] materials.json: tickers_seen=4480 accepted=4274 elapsed=73.7s
[load] other.json: tickers_seen=9243 accepted=8736 elapsed=168.5s
[load] real_estate.json: tickers_seen=9538 accepted=9028 elapsed=188.4s
[load] technology.json: tickers_seen=10239 accepted=9701 elapsed=200.5s
[load] utilities.json: tickers_seen=10373 accepted=9832 elapsed=203.2s
[load] attaching overlays (25 cols)…
[load] total_rows=16,337,946 tickers=9832
[features] 50 cols: ['ret_1', 'ret_2', 'ret_5', 'ret_10', 'ret_20', 'log_ret_1', 'vol_5', 'vol_20', 'mean_5', 'mean_20', 'skew_20', 'kurt_20', 'sma_ratio_10_50', 'price_over_sma20', 'price_over_sma50', 'rsi_14', 'macd', 'macd_hist', 'atr_14_ratio', 'hl_range', 'close_pos_in_range', 'vol_chg_1', 'vol_chg_5', 'vol_z_20', 'dd_50', 'gdelt_tone_norm', 'gdelt_tone_delta_5d', 'gdelt_article_z', 'macro_t10y3m_norm', 'macro_hy_oas_norm', 'macro_unrate_norm', 'macro_cpi_norm', 'macro_indpro_norm', 'macro_sp500_norm', 'macro_m2_norm', 'regime_bull', 'regime_bear', 'regime_high_vol', 'regime_sideways', 'congress_buy_count_90d', 'congress_sell_count_90d', 'congress_net_score', 'congress_score', 'congress_pelosi_buy', 'congress_notable_count', 'insider_buy_count_30d', 'insider_sell_count_30d', 'insider_net_ratio_30d', 'insider_cluster_score', 'insider_ceo_buy_flag']
[split] train=10,877,622 val=2,161,932 test=3,298,392
[clf seed=0] iters=400 val_auc=0.5393 val_acc=0.5258 384.8s
[clf seed=1] iters=400 val_auc=0.5392 val_acc=0.5256 412.1s
[clf seed=2] iters=400 val_auc=0.5388 val_acc=0.5255 431.7s
[clf seed=3] iters=400 val_auc=0.5391 val_acc=0.5255 421.9s
[clf seed=4] iters=400 val_auc=0.5394 val_acc=0.5255 432.2s
[reg] iters=30 val_mae=0.02170 test_mae=0.02221 76.3s

=== TEST METRICS ===
{
  "n": 3298392,
  "accuracy": 0.5284020213485844,
  "auc": 0.544070726993067,
  "f1": 0.5227780400862581,
  "log_loss": 0.6894271920476924,
  "brier": 0.24816153643369387,
  "reg_mae": 0.022213665586535453
}

[done] artifacts in C:\Users\nicho\Nostradamus_remote_audit\models\v3\predictor

# 2026-05-31T17:02:53.812530+00:00 scripts/promotion_gate_v3.py
Traceback (most recent call last):
  File "C:\Users\nicho\Nostradamus_remote_audit\scripts\promotion_gate_v3.py", line 17, in <module>
    _spec.loader.exec_module(_mpg)
  File "<frozen importlib._bootstrap_external>", line 940, in exec_module
  File "<frozen importlib._bootstrap>", line 241, in _call_with_frames_removed
  File "C:\Users\nicho\Nostradamus_remote_audit\scripts\model-promotion-gate.py", line 32, in <module>
    @dataclass
     ^^^^^^^^^
  File "C:\Users\nicho\AppData\Local\Programs\Python\Python311-arm64\Lib\dataclasses.py", line 1232, in dataclass
    return wrap(cls)
           ^^^^^^^^^
  File "C:\Users\nicho\AppData\Local\Programs\Python\Python311-arm64\Lib\dataclasses.py", line 1222, in wrap
    return _process_class(cls, init, repr, eq, order, unsafe_hash,
           ^^^^^^^^^^^^^^^^^^^^^^^^^^^^^^^^^^^^^^^^^^^^^^^^^^^^^^^
  File "C:\Users\nicho\AppData\Local\Programs\Python\Python311-arm64\Lib\dataclasses.py", line 947, in _process_class
    and _is_type(type, cls, dataclasses, dataclasses.KW_ONLY,
        ^^^^^^^^^^^^^^^^^^^^^^^^^^^^^^^^^^^^^^^^^^^^^^^^^^^^^
  File "C:\Users\nicho\AppData\Local\Programs\Python\Python311-arm64\Lib\dataclasses.py", line 712, in _is_type
    ns = sys.modules.get(cls.__module__).__dict__
         ^^^^^^^^^^^^^^^^^^^^^^^^^^^^^^^^^^^^^^^^
AttributeError: 'NoneType' object has no attribute '__dict__'. Did you mean: '__dir__'?

# 2026-05-31T17:02:54.149994+00:00 scripts/train-investor-v3.py --top-k 5 --max-position-frac 0.20 --max-gross-exposure 0.90 --kelly-scale 0.5 --cost-bps 5 --slippage-bps 10 --min-proba 0.60 --min-pred-ret 0.020 --min-price 5 --min-adv 1000000 --min-vol-20 0.01 --max-daily-ret 0.20 --policy-mode edge
[load] val=2,161,932 test=3,298,392 test_dates=351 symbols=9831
[liquidity] kept 7,625,402 (date,symbol) bars across 8232 symbols
[liquidity-filter] val 2,161,932 -> 786  test 3,298,392 -> 1,536
[overlay] congress/insider attach skipped: 0
[policy] mode=edge iters=25 val_mae=0.11786
[policy] ONNX export skipped: 'charmap' codec can't encode character '\u2192' in position 23: character maps to <undefined>
[backtest] 337 trading days, $10000.00 start
[bt] 2025-01-02 equity=$10,000.00 cash=$10,000.00 positions=0
[bt] 2025-03-18 equity=$9,798.76 cash=$9,798.76 positions=0
[bt] 2025-05-29 equity=$8,555.70 cash=$8,555.70 positions=0
[bt] 2025-08-14 equity=$9,329.48 cash=$9,329.48 positions=0
[bt] 2025-10-29 equity=$8,531.34 cash=$5,118.80 positions=2
[bt] 2026-01-13 equity=$8,154.75 cash=$8,154.75 positions=0
[bt] 2026-04-01 equity=$8,879.90 cash=$8,879.90 positions=0
[bt] 2026-05-28 equity=$8,490.52 cash=$8,490.52 positions=0
[price-history] loaded 10,358 symbols
[decisions] wrote C:\Users\nicho\Nostradamus_remote_audit\data\investor_v3\decisions.json (337 days, 87 unique symbols)

=== INVESTOR SUMMARY ===
{
  "starting_cash": 10000.0,
  "ending_cash": 8490.51508980857,
  "total_return_pct": -15.0948491019143,
  "annualized_sharpe": -0.6275403853937007,
  "max_drawdown_pct": -24.00261139184797,
  "trading_days": 337,
  "trades": 103,
  "wins": 52,
  "losses": 51,
  "win_rate_pct": 50.48543689320388,
  "config": {
    "top_k": 5,
    "max_position_frac": 0.2,
    "max_gross_exposure": 0.9,
    "kelly_scale": 0.5,
    "cost_bps": 5.0,
    "min_proba": 0.6
  }
}

# 2026-05-31T17:05:19.858669+00:00 scripts/promotion_gate_investor.py
DECISION=rolled_back

# 2026-05-31T17:05:20.016695+00:00 scripts/enrich_decisions.py --last-days 10
[enrich] loading data\investor_v3\decisions.json
[enrich] 12 unique symbols across 10 days
[enrich] fetched 50 headlines for 10/12 symbols in 684 ms
[enrich] scoring 50 headlines via FinBERT...
[sentiment] ready - providers=['CPUExecutionProvider']  labels=['positive', 'negative', 'neutral']
[enrich] scored in 2209 ms (44.2 ms/headline, provider=CPUExecutionProvider)
[enrich] wrote data\sentiment\per_symbol.json
[enrich] attached sentiment to 13 picks
[enrich] updated data\investor_v3\decisions.json (3209 KiB)

# 2026-05-31T17:05:23.362853+00:00 scripts/enrich_congress_decisions.py --last-days 30
[enrich-congress] attached to 0 picks across 30 days

# 2026-05-31T17:05:23.611877+00:00 scripts/generate_trade_signals.py
[signals] trade_date=2026-05-08 orders=1 manifest=C:\Users\nicho\Nostradamus_remote_audit\data\trading\robinhood_manifest.json

# 2026-05-31T17:05:23.807790+00:00 scripts/reasoning_agent.py --tick
[reasoning] 12 picks backend=template session=closed_weekend

# 2026-05-31T17:05:24.504634+00:00 scripts/generate_daytrade_signals.py
[daytrade] manifest 1 orders -> C:\Users\nicho\Nostradamus_remote_audit\data\trading\daytrade_manifest.json
