# learning harness @ 2026-06-01T21:43:29.866985+00:00

# 2026-06-01T21:43:30.168227+00:00 scripts/npu_runtime.py
{
  "generatedAt": "2026-06-01T21:43:30Z",
  "available": [
    "AzureExecutionProvider",
    "CPUExecutionProvider"
  ],
  "selected": [
    "CPUExecutionProvider"
  ],
  "primary": "CPUExecutionProvider",
  "preferNpu": true
}

# 2026-06-01T21:43:30.455108+00:00 scripts/verify-data-feeds.py
[verify-data-feeds] complete
[verify-data-feeds] OK    yfinance rows=10    latencyMs=3302.55 error=
[verify-data-feeds] FAIL      stooq rows=0     latencyMs=0.0 error=skipped: programmatic access captcha-walled; use import-stooq-bulk-zip.py instead
[verify-data-feeds] OK        fred rows=58    latencyMs=6138.26 error=
[verify-data-feeds] OK       gdelt rows=8     latencyMs=6539.0 error=
[verify-data-feeds] FAIL     tiingo rows=0     latencyMs=0.0 error=skipped: set TIINGO_API_TOKEN
[verify-data-feeds] FAIL alphavantage rows=0     latencyMs=0.0 error=skipped: set ALPHAVANTAGE_API_KEY
[verify-data-feeds] criticalReady=True

# 2026-06-01T21:43:48.417530+00:00 scripts/fetch-macro.py
============================================================
[fetch-macro] Fetching macroeconomic data for 2026-06-01
============================================================
[fetch-macro] Loaded public history for DFF: 26266 points
[fetch-macro] Loaded public history for T10Y2Y: 12496 points
[fetch-macro] Loaded public history for VIXCLS: 9197 points
[fetch-macro] Loaded public history for UMCSENT: 672 points
[fetch-macro] Loaded public history for ICSA: 3099 points
[fetch-macro] Loaded public history for SP500: 2514 points
[fetch-macro] Loaded public history for M2SL: 808 points
[fetch-macro] Loaded public history for T10Y3M: 11105 points
[fetch-macro] Loaded public history for BAMLH0A0HYM2: 785 points
[fetch-macro] Loaded public history for UNRATE: 939 points
[fetch-macro] Loaded public history for CPIAUCSL: 951 points
[fetch-macro] Loaded public history for INDPRO: 1288 points

[fetch-macro] Regime classification: SIDEWAYS
[fetch-macro] Normalised macro features: {'macro_vix_norm': 0.076, 'macro_spread_norm': 0.605, 'macro_fed_norm': 0.362, 'macro_sentiment_norm': 0.0, 'macro_claims_norm': 0.8556, 'macro_t10y3m_norm': 0.6725, 'macro_hy_oas_norm': 0.0925, 'macro_unrate_norm': 0.8143, 'macro_cpi_norm': 0.8241, 'macro_indpro_norm': 0.6248, 'macro_sp500_norm': 1.0, 'macro_m2_norm': 0.8007}
[fetch-macro] Wrote snapshot: C:\Users\nicho\Nostradamus_remote_audit\data\macro\2026-06-01.json
[fetch-macro] Updated current regime: C:\Users\nicho\Nostradamus_remote_audit\data\macro\current-regime.json

============================================================
[fetch-macro] DONE — Regime: SIDEWAYS
============================================================

# 2026-06-01T21:48:02.238456+00:00 scripts/fetch-regime-data.py
[fetch-regime] Fetching GDELT daily tone…
[fetch-regime] GDELT 2025-06-01 -> 2025-06-30
[fetch-regime] GDELT 2025-07-01 -> 2025-07-30
[fetch-regime] GDELT 2025-07-31 -> 2025-08-29
[fetch-regime] GDELT 2025-08-30 -> 2025-09-28
[fetch-regime] GDELT 2025-09-29 -> 2025-10-28
[fetch-regime] GDELT 2025-10-29 -> 2025-11-27
[fetch-regime] GDELT 2025-11-28 -> 2025-12-27
[fetch-regime] GDELT 2025-12-28 -> 2026-01-26
[fetch-regime] GDELT 2026-01-27 -> 2026-02-25
[fetch-regime] GDELT 2026-02-26 -> 2026-03-27
[fetch-regime] GDELT 2026-03-28 -> 2026-04-26
[fetch-regime] GDELT 2026-04-27 -> 2026-05-26
[fetch-regime] GDELT 2026-05-27 -> 2026-06-01
[fetch-regime] Wrote C:\Users\nicho\Nostradamus_remote_audit\data\regime\gdelt_timeline.json (90 rows)
[fetch-regime] Merged timeline -> C:\Users\nicho\Nostradamus_remote_audit\data\regime\timeline.json
[fetch-regime] Feature columns: ['gdelt_tone_norm', 'gdelt_tone_delta_5d', 'gdelt_article_z', 'macro_t10y3m_norm', 'macro_hy_oas_norm', 'macro_unrate_norm', 'macro_cpi_norm', 'macro_indpro_norm', 'macro_sp500_norm', 'macro_m2_norm', 'regime_bull', 'regime_bear', 'regime_high_vol', 'regime_sideways']

# 2026-06-01T21:54:02.357610+00:00 scripts/fetch-congress-trades.py
[fetch-congress] pulling trades from all configured sources…
[congress] kadoa normalized 3,096 equity trades
[fetch-congress] wrote C:\Users\nicho\Nostradamus_remote_audit\data\congress\trades_normalized.json
[fetch-congress] total=2,873 recent(90d)=303 symbols=200 watchlist_365d=140 pelosi_365d=17
  · Rohit Khanna: 14 buys / 6 sells
  · Michael T. McCaul: 14 buys / 6 sells
  · Josh Gottheimer: 1 buys / 8 sells
  · Markwayne Mullin: 1 buys / 2 sells
  · Donald J Trump: 67 buys / 0 sells

# 2026-06-01T21:54:04.800012+00:00 scripts/fetch-insider-trades.py
[fetch-insider] 15 tickers, lookback=90d
[fetch-insider] done trades=0

# 2026-06-01T21:55:11.061744+00:00 scripts/fetch-history.py
[fetch-history] Loaded 7,146 tickers from registry
[fetch-history] Mode: INCREMENTAL (last 5 days)
Traceback (most recent call last):
  File "C:\Users\nicho\Nostradamus_remote_audit\scripts\fetch-history.py", line 430, in <module>
    main()
  File "C:\Users\nicho\Nostradamus_remote_audit\scripts\fetch-history.py", line 272, in main
    sector_data[sector] = load_sector_file(sector)
                          ^^^^^^^^^^^^^^^^^^^^^^^^
  File "C:\Users\nicho\Nostradamus_remote_audit\scripts\fetch-history.py", line 119, in load_sector_file
    return json.load(f)
           ^^^^^^^^^^^^
  File "C:\Users\nicho\AppData\Local\Programs\Python\Python311-arm64\Lib\json\__init__.py", line 293, in load
    return loads(fp.read(),
           ^^^^^^^^^^^^^^^^
  File "C:\Users\nicho\AppData\Local\Programs\Python\Python311-arm64\Lib\json\__init__.py", line 346, in loads
    return _default_decoder.decode(s)
           ^^^^^^^^^^^^^^^^^^^^^^^^^^
  File "C:\Users\nicho\AppData\Local\Programs\Python\Python311-arm64\Lib\json\decoder.py", line 337, in decode
    obj, end = self.raw_decode(s, idx=_w(s, 0).end())
               ^^^^^^^^^^^^^^^^^^^^^^^^^^^^^^^^^^^^^^
  File "C:\Users\nicho\AppData\Local\Programs\Python\Python311-arm64\Lib\json\decoder.py", line 353, in raw_decode
    obj, end = self.scan_once(s, idx)
               ^^^^^^^^^^^^^^^^^^^^^^
json.decoder.JSONDecodeError: Expecting property name enclosed in double quotes: line 1 column 38318265 (char 38318264)

# 2026-06-01T21:56:02.740236+00:00 scripts/promotion_gate_v3.py
Traceback (most recent call last):
  File "C:\Users\nicho\Nostradamus_remote_audit\scripts\promotion_gate_v3.py", line 17, in <module>
    _spec.loader.exec_module(_mpg)
  File "<frozen importlib._bootstrap_external>", line 940, in exec_module
  File "<frozen importlib._bootstrap>", line 241, in _call_with_frames_removed
  File "C:\Users\nicho\Nostradamus_remote_audit\scripts\model-promotion-gate.py", line 32, in <module>
    @dataclass
     ^^^^^^^^^
  File "C:\Users\nicho\AppData\Local\Programs\Python\Python311-arm64\Lib\dataclasses.py", line 1232, in dataclass
    return wrap(cls)
           ^^^^^^^^^
  File "C:\Users\nicho\AppData\Local\Programs\Python\Python311-arm64\Lib\dataclasses.py", line 1222, in wrap
    return _process_class(cls, init, repr, eq, order, unsafe_hash,
           ^^^^^^^^^^^^^^^^^^^^^^^^^^^^^^^^^^^^^^^^^^^^^^^^^^^^^^^
  File "C:\Users\nicho\AppData\Local\Programs\Python\Python311-arm64\Lib\dataclasses.py", line 947, in _process_class
    and _is_type(type, cls, dataclasses, dataclasses.KW_ONLY,
        ^^^^^^^^^^^^^^^^^^^^^^^^^^^^^^^^^^^^^^^^^^^^^^^^^^^^^
  File "C:\Users\nicho\AppData\Local\Programs\Python\Python311-arm64\Lib\dataclasses.py", line 712, in _is_type
    ns = sys.modules.get(cls.__module__).__dict__
         ^^^^^^^^^^^^^^^^^^^^^^^^^^^^^^^^^^^^^^^^
AttributeError: 'NoneType' object has no attribute '__dict__'. Did you mean: '__dir__'?

# 2026-06-01T21:56:02.848662+00:00 scripts/train-investor-v3.py --top-k 5 --max-position-frac 0.20 --max-gross-exposure 0.90 --kelly-scale 0.5 --cost-bps 5 --slippage-bps 10 --min-proba 0.60 --min-pred-ret 0.020 --min-price 5 --min-adv 1000000 --min-vol-20 0.01 --max-daily-ret 0.20 --policy-mode edge
[load] val=2,161,932 test=3,298,392 test_dates=351 symbols=9831
Traceback (most recent call last):
  File "C:\Users\nicho\Nostradamus_remote_audit\scripts\train-investor-v3.py", line 540, in <module>
    sys.exit(main())
             ^^^^^^
  File "C:\Users\nicho\Nostradamus_remote_audit\scripts\train-investor-v3.py", line 173, in main
    liq = build_liquidity_table(args.min_price, args.min_adv, args.min_vol_20, exclude_re)
          ^^^^^^^^^^^^^^^^^^^^^^^^^^^^^^^^^^^^^^^^^^^^^^^^^^^^^^^^^^^^^^^^^^^^^^^^^^^^^^^^
  File "C:\Users\nicho\Nostradamus_remote_audit\scripts\train-investor-v3.py", line 57, in build_liquidity_table
    data = json.load(f)
           ^^^^^^^^^^^^
  File "C:\Users\nicho\AppData\Local\Programs\Python\Python311-arm64\Lib\json\__init__.py", line 293, in load
    return loads(fp.read(),
           ^^^^^^^^^^^^^^^^
  File "C:\Users\nicho\AppData\Local\Programs\Python\Python311-arm64\Lib\json\__init__.py", line 346, in loads
    return _default_decoder.decode(s)
           ^^^^^^^^^^^^^^^^^^^^^^^^^^
  File "C:\Users\nicho\AppData\Local\Programs\Python\Python311-arm64\Lib\json\decoder.py", line 337, in decode
    obj, end = self.raw_decode(s, idx=_w(s, 0).end())
               ^^^^^^^^^^^^^^^^^^^^^^^^^^^^^^^^^^^^^^
  File "C:\Users\nicho\AppData\Local\Programs\Python\Python311-arm64\Lib\json\decoder.py", line 355, in raw_decode
    raise JSONDecodeError("Expecting value", s, err.value) from None
json.decoder.JSONDecodeError: Expecting value: line 1 column 328860320 (char 328860319)
