# learning harness @ 2026-06-02T21:05:05.553994+00:00

# 2026-06-02T21:05:05.953942+00:00 scripts/npu_runtime.py
{
  "generatedAt": "2026-06-02T21:05:06Z",
  "qnnRegistered": true,
  "qnnDevices": 3,
  "available": [
    "QNNExecutionProvider",
    "AzureExecutionProvider",
    "CPUExecutionProvider"
  ],
  "selected": [
    "QNNExecutionProvider",
    "CPUExecutionProvider"
  ],
  "primary": "QNNExecutionProvider",
  "preferNpu": true,
  "soc": "Snapdragon X (X1P64100)",
  "qnnPackage": "2.1.1"
}
oc": "Snapdragon X (X1P64100)",
  "qnnPackage": "2.1.1"
}

# 2026-06-02T21:05:06.420911+00:00 scripts/verify-data-feeds.py
[verify-data-feeds] complete
[verify-data-feeds] OK    yfinance rows=10    latencyMs=4261.56 error=
[verify-data-feeds] FAIL      stooq rows=0     latencyMs=0.0 error=skipped: programmatic access captcha-walled; use import-stooq-bulk-zip.py instead
[verify-data-feeds] OK        fred rows=60    latencyMs=1883.24 error=
[verify-data-feeds] FAIL      gdelt rows=0     latencyMs=29418.61 error=
[verify-data-feeds] FAIL     tiingo rows=0     latencyMs=0.0 error=skipped: set TIINGO_API_TOKEN
[verify-data-feeds] FAIL alphavantage rows=0     latencyMs=0.0 error=skipped: set ALPHAVANTAGE_API_KEY
[verify-data-feeds] criticalReady=True

# 2026-06-02T21:05:50.189504+00:00 scripts/fetch-macro.py
============================================================
[fetch-macro] Fetching macroeconomic data for 2026-06-02
============================================================
[fetch-macro] Loaded public history for DFF: 26269 points
[fetch-macro] Loaded public history for T10Y2Y: 12496 points
[fetch-macro] Loaded public history for VIXCLS: 9198 points
[fetch-macro] Loaded public history for UMCSENT: 672 points
[fetch-macro] Loaded public history for ICSA: 3099 points
[fetch-macro] Loaded public history for SP500: 2513 points
[fetch-macro] Loaded public history for M2SL: 808 points
[fetch-macro] Loaded public history for T10Y3M: 11105 points
[fetch-macro] Loaded public history for BAMLH0A0HYM2: 785 points
[fetch-macro] Loaded public history for UNRATE: 939 points
[fetch-macro] Loaded public history for CPIAUCSL: 951 points
[fetch-macro] Loaded public history for INDPRO: 1288 points
Traceback (most recent call last):
  File "C:\Users\nicho\Nostradamus_remote_audit\scripts\fetch-macro.py", line 526, in <module>
    main()
  File "C:\Users\nicho\Nostradamus_remote_audit\scripts\fetch-macro.py", line 488, in main
    series, sources = backfill_public_macro_snapshots()
                      ^^^^^^^^^^^^^^^^^^^^^^^^^^^^^^^^^
  File "C:\Users\nicho\Nostradamus_remote_audit\scripts\fetch-macro.py", line 197, in backfill_public_macro_snapshots
    with open(out_path, "w") as f:
OSError: [Errno 22] Invalid argument

# 2026-06-02T21:09:30.906926+00:00 scripts/fetch-regime-data.py
[fetch-regime] Fetching GDELT daily tone…
[fetch-regime] GDELT 2025-06-02 -> 2025-07-01
[fetch-regime] GDELT 2025-07-02 -> 2025-07-31
[fetch-regime] GDELT 2025-08-01 -> 2025-08-30
[fetch-regime] GDELT 2025-08-31 -> 2025-09-29
[fetch-regime] GDELT 2025-09-30 -> 2025-10-29
[fetch-regime] GDELT 2025-10-30 -> 2025-11-28
[fetch-regime] GDELT 2025-11-29 -> 2025-12-28
[fetch-regime] GDELT 2025-12-29 -> 2026-01-27
[fetch-regime] GDELT 2026-01-28 -> 2026-02-26
[fetch-regime] GDELT 2026-02-27 -> 2026-03-28
[fetch-regime] GDELT 2026-03-29 -> 2026-04-27
[fetch-regime] GDELT 2026-04-28 -> 2026-05-27
[fetch-regime] GDELT 2026-05-28 -> 2026-06-02
[fetch-regime] Wrote C:\Users\nicho\Nostradamus_remote_audit\data\regime\gdelt_timeline.json (120 rows)
[fetch-regime] Merged timeline -> C:\Users\nicho\Nostradamus_remote_audit\data\regime\timeline.json
[fetch-regime] Feature columns: ['gdelt_tone_norm', 'gdelt_tone_delta_5d', 'gdelt_article_z', 'macro_t10y3m_norm', 'macro_hy_oas_norm', 'macro_unrate_norm', 'macro_cpi_norm', 'macro_indpro_norm', 'macro_sp500_norm', 'macro_m2_norm', 'regime_bull', 'regime_bear', 'regime_high_vol', 'regime_sideways']

# 2026-06-02T21:15:59.489371+00:00 scripts/fetch-congress-trades.py
[fetch-congress] pulling trades from all configured sources…
[congress] kadoa normalized 3,084 equity trades
[fetch-congress] wrote C:\Users\nicho\Nostradamus_remote_audit\data\congress\trades_normalized.json
[fetch-congress] total=2,861 recent(90d)=307 symbols=202 watchlist_365d=140 pelosi_365d=17
  · Rohit Khanna: 14 buys / 6 sells
  · Michael T. McCaul: 14 buys / 6 sells
  · Josh Gottheimer: 1 buys / 8 sells
  · Markwayne Mullin: 1 buys / 2 sells
  · Donald J Trump: 67 buys / 0 sells

# 2026-06-02T21:16:02.810874+00:00 scripts/fetch-insider-trades.py
[fetch-insider] 120 tickers, lookback=90d
[fetch-insider] 20/120 trades=17
[fetch-insider] 40/120 trades=74
[fetch-insider] 60/120 trades=133
[fetch-insider] 80/120 trades=271
[fetch-insider] 100/120 trades=411
[fetch-insider] 120/120 trades=589
[fetch-insider] done trades=589

# 2026-06-02T21:19:07.611146+00:00 scripts/intelligence/mass_psychology.py
[mass-psych] mood=mixed (0.0046) tickers=40

# 2026-06-02T21:19:11.386348+00:00 scripts/intelligence/insider_monitor.py
[insider-monitor] alerts=14 follow_symbols=16

# 2026-06-02T21:19:11.521858+00:00 scripts/fetch-history.py
[fetch-history] Loaded 7,146 tickers from registry
[fetch-history] Mode: INCREMENTAL (last 5 days)
Traceback (most recent call last):
  File "C:\Users\nicho\Nostradamus_remote_audit\scripts\fetch-history.py", line 430, in <module>
    main()
  File "C:\Users\nicho\Nostradamus_remote_audit\scripts\fetch-history.py", line 272, in main
    sector_data[sector] = load_sector_file(sector)
                          ^^^^^^^^^^^^^^^^^^^^^^^^
  File "C:\Users\nicho\Nostradamus_remote_audit\scripts\fetch-history.py", line 119, in load_sector_file
    return json.load(f)
           ^^^^^^^^^^^^
  File "C:\Users\nicho\AppData\Local\Programs\Python\Python311-arm64\Lib\json\__init__.py", line 293, in load
    return loads(fp.read(),
                 ^^^^^^^^^
MemoryError

# 2026-06-02T21:19:37.123420+00:00 scripts/promotion_gate_v3.py
Traceback (most recent call last):
  File "C:\Users\nicho\Nostradamus_remote_audit\scripts\promotion_gate_v3.py", line 17, in <module>
    _spec.loader.exec_module(_mpg)
  File "<frozen importlib._bootstrap_external>", line 940, in exec_module
  File "<frozen importlib._bootstrap>", line 241, in _call_with_frames_removed
  File "C:\Users\nicho\Nostradamus_remote_audit\scripts\model-promotion-gate.py", line 32, in <module>
    @dataclass
     ^^^^^^^^^
  File "C:\Users\nicho\AppData\Local\Programs\Python\Python311-arm64\Lib\dataclasses.py", line 1232, in dataclass
    return wrap(cls)
           ^^^^^^^^^
  File "C:\Users\nicho\AppData\Local\Programs\Python\Python311-arm64\Lib\dataclasses.py", line 1222, in wrap
    return _process_class(cls, init, repr, eq, order, unsafe_hash,
           ^^^^^^^^^^^^^^^^^^^^^^^^^^^^^^^^^^^^^^^^^^^^^^^^^^^^^^^
  File "C:\Users\nicho\AppData\Local\Programs\Python\Python311-arm64\Lib\dataclasses.py", line 947, in _process_class
    and _is_type(type, cls, dataclasses, dataclasses.KW_ONLY,
        ^^^^^^^^^^^^^^^^^^^^^^^^^^^^^^^^^^^^^^^^^^^^^^^^^^^^^
  File "C:\Users\nicho\AppData\Local\Programs\Python\Python311-arm64\Lib\dataclasses.py", line 712, in _is_type
    ns = sys.modules.get(cls.__module__).__dict__
         ^^^^^^^^^^^^^^^^^^^^^^^^^^^^^^^^^^^^^^^^
AttributeError: 'NoneType' object has no attribute '__dict__'. Did you mean: '__dir__'?

# 2026-06-02T21:19:37.369379+00:00 scripts/train-investor-v3.py --top-k 5 --max-position-frac 0.20 --max-gross-exposure 0.90 --kelly-scale 0.5 --cost-bps 5 --slippage-bps 10 --min-proba 0.60 --min-pred-ret 0.020 --min-price 5 --min-adv 1000000 --min-vol-20 0.01 --max-daily-ret 0.20 --policy-mode edge
[load] val=2,161,932 test=3,298,392 test_dates=351 symbols=9831
Traceback (most recent call last):
  File "C:\Users\nicho\Nostradamus_remote_audit\scripts\train-investor-v3.py", line 540, in <module>
    sys.exit(main())
             ^^^^^^
  File "C:\Users\nicho\Nostradamus_remote_audit\scripts\train-investor-v3.py", line 173, in main
    liq = build_liquidity_table(args.min_price, args.min_adv, args.min_vol_20, exclude_re)
          ^^^^^^^^^^^^^^^^^^^^^^^^^^^^^^^^^^^^^^^^^^^^^^^^^^^^^^^^^^^^^^^^^^^^^^^^^^^^^^^^
  File "C:\Users\nicho\Nostradamus_remote_audit\scripts\train-investor-v3.py", line 57, in build_liquidity_table
    data = json.load(f)
           ^^^^^^^^^^^^
  File "C:\Users\nicho\AppData\Local\Programs\Python\Python311-arm64\Lib\json\__init__.py", line 293, in load
    return loads(fp.read(),
                 ^^^^^^^^^
MemoryError
